// Jest Snapshot v1, https://goo.gl/fbAQLP

exports[`Empty container renders correctly 1`] = `
<div
  className="container"
/>
`;
