// Jest Snapshot v1, https://goo.gl/fbAQLP

exports[`Breadcrumbs render correctly 1`] = `
<ul
  className="list"
>
  <a
    aria-current="page"
    className="active"
    href="/"
    onClick={[Function]}
  >
    <li>
      <span>
        Home
      </span>
    </li>
  </a>
</ul>
`;
