// Jest Snapshot v1, https://goo.gl/fbAQLP

exports[`H3 title renders correctly 1`] = `
<h3
  className="h3"
>
  h3 title text
</h3>
`;
