// Jest Snapshot v1, https://goo.gl/fbAQLP

exports[`NotFound renders correctly 1`] = `
<div
  id="notfound"
>
  <div
    className="notfound"
  >
    <div
      className="notfound_404"
    />
    <h1>
      404
    </h1>
    <h2>
      Oops! Page Not Be Found
    </h2>
    <p>
      Sorry but the page you are looking for does not exist, have been removed. name changed or is temporarily unavailable
    </p>
    <a
      href="/"
      onClick={[Function]}
    >
      Back to homepage
    </a>
  </div>
</div>
`;
