// Jest Snapshot v1, https://goo.gl/fbAQLP

exports[`PriceSlider renders correctly 1`] = `
<div
  className="popupErr"
  onClick={[Function]}
>
  <p>
    The user already exists!
  </p>
</div>
`;
