// Jest Snapshot v1, https://goo.gl/fbAQLP

exports[`ProfilePage renders correctly 1`] = `
<div
  className="content"
>
  <div
    className="container"
  >
    <div
      className="main"
    >
      <h1
        className="h1"
      >
        Your Profile
      </h1>
    </div>
  </div>
</div>
`;
